Running Gradle task 'assembleDebug'...                          
flutter : WARNING: Your app uses the following plugins that apply Kotlin Gradle Plugin (KGP): audio_session, device_info_plus, network_info_plus
En línea: 1 Carácter: 1
+ flutter build apk --debug 2>&1 | Out-File -FilePath errors.txt -Encod ...
+ ~~~~~~~~~~~~~~~~~~~~~~~~~~~~~~
    + CategoryInfo          : NotSpecified: (WARNING: Your a...twork_info_plus:String) [], RemoteException
    + FullyQualifiedErrorId : NativeCommandError
 
Future versions of Flutter will fail to build if your app uses plugins that apply KGP.

Please check the changelogs of these plugins and upgrade to a version that supports Built-in Kotlin.
If no such version exists, report the issue to the plugin. If necessary, here is a guide on filing 
an issue against a plugin: https://docs.flutter.dev/release/breaking-changes/migrate-to-built-in-kotlin/for-app-developers#report-incompatible-ko
tlin-gradle-plugin-usage-to-plugin-authors

If you are a plugin author, please migrate your plugin to Built-in Kotlin using this guide: 
https://docs.flutter.dev/release/breaking-changes/migrate-to-built-in-kotlin/for-plugin-authors
Skipping assets entry "packages/record_web/assets/js/record.worklet.js" since its configured platform(s) did not match the target platform.
Configured platforms: web
Target platform: android

Skipping assets entry "packages/record_web/assets/js/record.fixwebmduration.js" since its configured platform(s) did not match the target 
platform.
Configured platforms: web
Target platform: android

Running Gradle task 'assembleDebug'...                             45,8s
ÔêÜ Built build\app\outputs\flutter-apk\app-debug.apk
